// Jest Snapshot v1, https://goo.gl/fbAQLP

exports[`should render <CountryInfoBox/> with data 1`] = `
<Styled(Link)
  to="/country/Afghanistan"
>
  <styled.div>
    <styled.div>
      <styled.img
        alt="Flag of Afghanistan"
        src="https://restcountries.eu/data/afg.svg"
      />
    </styled.div>
    <styled.div>
      <styled.div>
        <styled.h4>
          Afghanistan
        </styled.h4>
        <styled.ul>
          <styled.li>
            <styled.span>
              Population: 
            </styled.span>
            27,657,145
          </styled.li>
          <styled.li>
            <styled.span>
              Region: 
            </styled.span>
            Asia
          </styled.li>
          <styled.li>
            <styled.span>
              Capital: 
            </styled.span>
            Kabul
          </styled.li>
        </styled.ul>
      </styled.div>
    </styled.div>
  </styled.div>
</Styled(Link)>
`;
